..........                                                               [100%]
10 passed in 6.61s
